../Drivers/CMSIS/Include/core_cm0.h:623:22:__NVIC_EnableIRQ	2
../Drivers/CMSIS/Include/core_cm0.h:730:22:__NVIC_SetPriority	2
../Drivers/STM32F0xx_HAL_Driver/Inc/stm32f0xx_ll_rcc.h:746:22:LL_RCC_HSI_Enable	1
../Drivers/STM32F0xx_HAL_Driver/Inc/stm32f0xx_ll_rcc.h:766:26:LL_RCC_HSI_IsReady	1
../Drivers/STM32F0xx_HAL_Driver/Inc/stm32f0xx_ll_rcc.h:792:22:LL_RCC_HSI_SetCalibTrimming	1
../Drivers/STM32F0xx_HAL_Driver/Inc/stm32f0xx_ll_rcc.h:1098:22:LL_RCC_SetSysClkSource	1
../Drivers/STM32F0xx_HAL_Driver/Inc/stm32f0xx_ll_rcc.h:1114:26:LL_RCC_GetSysClkSource	1
../Drivers/STM32F0xx_HAL_Driver/Inc/stm32f0xx_ll_rcc.h:1134:22:LL_RCC_SetAHBPrescaler	1
../Drivers/STM32F0xx_HAL_Driver/Inc/stm32f0xx_ll_rcc.h:1150:22:LL_RCC_SetAPB1Prescaler	1
../Drivers/STM32F0xx_HAL_Driver/Inc/stm32f0xx_ll_rcc.h:1505:22:LL_RCC_PLL_Enable	1
../Drivers/STM32F0xx_HAL_Driver/Inc/stm32f0xx_ll_rcc.h:1526:26:LL_RCC_PLL_IsReady	1
../Drivers/STM32F0xx_HAL_Driver/Inc/stm32f0xx_ll_rcc.h:1627:22:LL_RCC_PLL_ConfigDomain_SYS	1
../Drivers/STM32F0xx_HAL_Driver/Inc/stm32f0xx_ll_bus.h:225:22:LL_AHB1_GRP1_EnableClock	1
../Drivers/STM32F0xx_HAL_Driver/Inc/stm32f0xx_ll_bus.h:413:22:LL_APB1_GRP1_EnableClock	1
../Drivers/STM32F0xx_HAL_Driver/Inc/stm32f0xx_ll_bus.h:663:22:LL_APB1_GRP2_EnableClock	1
../Drivers/STM32F0xx_HAL_Driver/Inc/stm32f0xx_ll_system.h:1778:22:LL_FLASH_SetLatency	1
../Drivers/STM32F0xx_HAL_Driver/Inc/stm32f0xx_ll_system.h:1790:26:LL_FLASH_GetLatency	1
../Drivers/STM32F0xx_HAL_Driver/Inc/stm32f0xx_ll_tim.h:1073:22:LL_TIM_EnableCounter	1
../Drivers/STM32F0xx_HAL_Driver/Inc/stm32f0xx_ll_tim.h:1264:22:LL_TIM_DisableARRPreload	1
../Drivers/STM32F0xx_HAL_Driver/Inc/stm32f0xx_ll_tim.h:1368:22:LL_TIM_SetPrescaler	1
../Drivers/STM32F0xx_HAL_Driver/Inc/stm32f0xx_ll_tim.h:1395:22:LL_TIM_SetAutoReload	1
../Drivers/STM32F0xx_HAL_Driver/Inc/stm32f0xx_ll_tim.h:3105:22:LL_TIM_ClearFlag_UPDATE	1
../Drivers/STM32F0xx_HAL_Driver/Inc/stm32f0xx_ll_tim.h:3116:26:LL_TIM_IsActiveFlag_UPDATE	2
../Drivers/STM32F0xx_HAL_Driver/Inc/stm32f0xx_ll_tim.h:3380:22:LL_TIM_EnableIT_UPDATE	1
../Drivers/STM32F0xx_HAL_Driver/Inc/stm32f0xx_ll_gpio.h:757:26:LL_GPIO_IsInputPinSet	1
../Drivers/STM32F0xx_HAL_Driver/Inc/stm32f0xx_ll_gpio.h:838:22:LL_GPIO_SetOutputPin	1
../Drivers/STM32F0xx_HAL_Driver/Inc/stm32f0xx_ll_gpio.h:867:22:LL_GPIO_ResetOutputPin	1
../Core/Inc/_Fnc_Gen.h:4:6:delay_1ms	2
../Core/Inc/_Fnc_Gen.h:9:6:delay_10us	2
../Core/Inc/_Fnc_Gen.h:17:6:keypad_scan	12
../Core/Inc/_Fnc_IRQ.h:3:6:TIM16_IRQHandler	2
../Core/Inc/_Fnc_IRQ.h:15:6:TIM17_IRQHandler	2
../Core/Src/main.c:67:5:main	1
../Core/Src/main.c:119:6:SystemClock_Config	5
../Core/Src/main.c:159:13:MX_TIM16_Init	1
../Core/Src/main.c:196:13:MX_TIM17_Init	1
../Core/Src/main.c:233:13:MX_GPIO_Init	1
../Core/Src/main.c:323:6:Error_Handler	1
